09:52:34 **** Build of configuration Debug for project Cirlce_Lights ****
make all 
Building file: ../startup/startup_stm32f303xc.s
Invoking: MCU GCC Assembler
/Users/DrButthurt/PCO_Course/1_Theme/Workspace/Cirlce_Lights/Debug
arm-none-eabi-as -mcpu=cortex-m4 -mthumb -mfloat-abi=hard -mfpu=fpv4-sp-d16 -g -o "startup/startup_stm32f303xc.o" "../startup/startup_stm32f303xc.s"
Finished building: ../startup/startup_stm32f303xc.s
 
Building file: ../Src/gpio.c
Invoking: MCU GCC Compiler
/Users/DrButthurt/PCO_Course/1_Theme/Workspace/Cirlce_Lights/Debug
arm-none-eabi-gcc -mcpu=cortex-m4 -mthumb -mfloat-abi=hard -mfpu=fpv4-sp-d16 '-D__weak=__attribute__((weak))' '-D__packed=__attribute__((__packed__))' -DUSE_HAL_DRIVER -DSTM32F303xC -I"/Users/DrButthurt/PCO_Course/1_Theme/Workspace/Cirlce_Lights/Inc" -I"/Users/DrButthurt/PCO_Course/1_Theme/Workspace/Cirlce_Lights/Drivers/STM32F3xx_HAL_Driver/Inc" -I"/Users/DrButthurt/PCO_Course/1_Theme/Workspace/Cirlce_Lights/Drivers/STM32F3xx_HAL_Driver/Inc/Legacy" -I"/Users/DrButthurt/PCO_Course/1_Theme/Workspace/Cirlce_Lights/Drivers/CMSIS/Device/ST/STM32F3xx/Include" -I"/Users/DrButthurt/PCO_Course/1_Theme/Workspace/Cirlce_Lights/Drivers/CMSIS/Include"  -Og -g3 -Wall -fmessage-length=0 -ffunction-sections -c -fmessage-length=0 -MMD -MP -MF"Src/gpio.d" -MT"Src/gpio.o" -o "Src/gpio.o" "../Src/gpio.c"
Finished building: ../Src/gpio.c
 
Building file: ../Src/main.c
Invoking: MCU GCC Compiler
/Users/DrButthurt/PCO_Course/1_Theme/Workspace/Cirlce_Lights/Debug
arm-none-eabi-gcc -mcpu=cortex-m4 -mthumb -mfloat-abi=hard -mfpu=fpv4-sp-d16 '-D__weak=__attribute__((weak))' '-D__packed=__attribute__((__packed__))' -DUSE_HAL_DRIVER -DSTM32F303xC -I"/Users/DrButthurt/PCO_Course/1_Theme/Workspace/Cirlce_Lights/Inc" -I"/Users/DrButthurt/PCO_Course/1_Theme/Workspace/Cirlce_Lights/Drivers/STM32F3xx_HAL_Driver/Inc" -I"/Users/DrButthurt/PCO_Course/1_Theme/Workspace/Cirlce_Lights/Drivers/STM32F3xx_HAL_Driver/Inc/Legacy" -I"/Users/DrButthurt/PCO_Course/1_Theme/Workspace/Cirlce_Lights/Drivers/CMSIS/Device/ST/STM32F3xx/Include" -I"/Users/DrButthurt/PCO_Course/1_Theme/Workspace/Cirlce_Lights/Drivers/CMSIS/Include"  -Og -g3 -Wall -fmessage-length=0 -ffunction-sections -c -fmessage-length=0 -MMD -MP -MF"Src/main.d" -MT"Src/main.o" -o "Src/main.o" "../Src/main.c"
Finished building: ../Src/main.c
 
Building file: ../Src/stm32f3xx_hal_msp.c
Invoking: MCU GCC Compiler
/Users/DrButthurt/PCO_Course/1_Theme/Workspace/Cirlce_Lights/Debug
arm-none-eabi-gcc -mcpu=cortex-m4 -mthumb -mfloat-abi=hard -mfpu=fpv4-sp-d16 '-D__weak=__attribute__((weak))' '-D__packed=__attribute__((__packed__))' -DUSE_HAL_DRIVER -DSTM32F303xC -I"/Users/DrButthurt/PCO_Course/1_Theme/Workspace/Cirlce_Lights/Inc" -I"/Users/DrButthurt/PCO_Course/1_Theme/Workspace/Cirlce_Lights/Drivers/STM32F3xx_HAL_Driver/Inc" -I"/Users/DrButthurt/PCO_Course/1_Theme/Workspace/Cirlce_Lights/Drivers/STM32F3xx_HAL_Driver/Inc/Legacy" -I"/Users/DrButthurt/PCO_Course/1_Theme/Workspace/Cirlce_Lights/Drivers/CMSIS/Device/ST/STM32F3xx/Include" -I"/Users/DrButthurt/PCO_Course/1_Theme/Workspace/Cirlce_Lights/Drivers/CMSIS/Include"  -Og -g3 -Wall -fmessage-length=0 -ffunction-sections -c -fmessage-length=0 -MMD -MP -MF"Src/stm32f3xx_hal_msp.d" -MT"Src/stm32f3xx_hal_msp.o" -o "Src/stm32f3xx_hal_msp.o" "../Src/stm32f3xx_hal_msp.c"
Finished building: ../Src/stm32f3xx_hal_msp.c
 
Building file: ../Src/stm32f3xx_it.c
Invoking: MCU GCC Compiler
/Users/DrButthurt/PCO_Course/1_Theme/Workspace/Cirlce_Lights/Debug
arm-none-eabi-gcc -mcpu=cortex-m4 -mthumb -mfloat-abi=hard -mfpu=fpv4-sp-d16 '-D__weak=__attribute__((weak))' '-D__packed=__attribute__((__packed__))' -DUSE_HAL_DRIVER -DSTM32F303xC -I"/Users/DrButthurt/PCO_Course/1_Theme/Workspace/Cirlce_Lights/Inc" -I"/Users/DrButthurt/PCO_Course/1_Theme/Workspace/Cirlce_Lights/Drivers/STM32F3xx_HAL_Driver/Inc" -I"/Users/DrButthurt/PCO_Course/1_Theme/Workspace/Cirlce_Lights/Drivers/STM32F3xx_HAL_Driver/Inc/Legacy" -I"/Users/DrButthurt/PCO_Course/1_Theme/Workspace/Cirlce_Lights/Drivers/CMSIS/Device/ST/STM32F3xx/Include" -I"/Users/DrButthurt/PCO_Course/1_Theme/Workspace/Cirlce_Lights/Drivers/CMSIS/Include"  -Og -g3 -Wall -fmessage-length=0 -ffunction-sections -c -fmessage-length=0 -MMD -MP -MF"Src/stm32f3xx_it.d" -MT"Src/stm32f3xx_it.o" -o "Src/stm32f3xx_it.o" "../Src/stm32f3xx_it.c"
Finished building: ../Src/stm32f3xx_it.c
 
Building file: ../Src/system_stm32f3xx.c
Invoking: MCU GCC Compiler
/Users/DrButthurt/PCO_Course/1_Theme/Workspace/Cirlce_Lights/Debug
arm-none-eabi-gcc -mcpu=cortex-m4 -mthumb -mfloat-abi=hard -mfpu=fpv4-sp-d16 '-D__weak=__attribute__((weak))' '-D__packed=__attribute__((__packed__))' -DUSE_HAL_DRIVER -DSTM32F303xC -I"/Users/DrButthurt/PCO_Course/1_Theme/Workspace/Cirlce_Lights/Inc" -I"/Users/DrButthurt/PCO_Course/1_Theme/Workspace/Cirlce_Lights/Drivers/STM32F3xx_HAL_Driver/Inc" -I"/Users/DrButthurt/PCO_Course/1_Theme/Workspace/Cirlce_Lights/Drivers/STM32F3xx_HAL_Driver/Inc/Legacy" -I"/Users/DrButthurt/PCO_Course/1_Theme/Workspace/Cirlce_Lights/Drivers/CMSIS/Device/ST/STM32F3xx/Include" -I"/Users/DrButthurt/PCO_Course/1_Theme/Workspace/Cirlce_Lights/Drivers/CMSIS/Include"  -Og -g3 -Wall -fmessage-length=0 -ffunction-sections -c -fmessage-length=0 -MMD -MP -MF"Src/system_stm32f3xx.d" -MT"Src/system_stm32f3xx.o" -o "Src/system_stm32f3xx.o" "../Src/system_stm32f3xx.c"
Finished building: ../Src/system_stm32f3xx.c
 
Building file: ../Drivers/STM32F3xx_HAL_Driver/Src/stm32f3xx_hal.c
Invoking: MCU GCC Compiler
/Users/DrButthurt/PCO_Course/1_Theme/Workspace/Cirlce_Lights/Debug
arm-none-eabi-gcc -mcpu=cortex-m4 -mthumb -mfloat-abi=hard -mfpu=fpv4-sp-d16 '-D__weak=__attribute__((weak))' '-D__packed=__attribute__((__packed__))' -DUSE_HAL_DRIVER -DSTM32F303xC -I"/Users/DrButthurt/PCO_Course/1_Theme/Workspace/Cirlce_Lights/Inc" -I"/Users/DrButthurt/PCO_Course/1_Theme/Workspace/Cirlce_Lights/Drivers/STM32F3xx_HAL_Driver/Inc" -I"/Users/DrButthurt/PCO_Course/1_Theme/Workspace/Cirlce_Lights/Drivers/STM32F3xx_HAL_Driver/Inc/Legacy" -I"/Users/DrButthurt/PCO_Course/1_Theme/Workspace/Cirlce_Lights/Drivers/CMSIS/Device/ST/STM32F3xx/Include" -I"/Users/DrButthurt/PCO_Course/1_Theme/Workspace/Cirlce_Lights/Drivers/CMSIS/Include"  -Og -g3 -Wall -fmessage-length=0 -ffunction-sections -c -fmessage-length=0 -MMD -MP -MF"Drivers/STM32F3xx_HAL_Driver/Src/stm32f3xx_hal.d" -MT"Drivers/STM32F3xx_HAL_Driver/Src/stm32f3xx_hal.o" -o "Drivers/STM32F3xx_HAL_Driver/Src/stm32f3xx_hal.o" "../Drivers/STM32F3xx_HAL_Driver/Src/stm32f3xx_hal.c"
Finished building: ../Drivers/STM32F3xx_HAL_Driver/Src/stm32f3xx_hal.c
 
Building file: ../Drivers/STM32F3xx_HAL_Driver/Src/stm32f3xx_hal_cortex.c
Invoking: MCU GCC Compiler
/Users/DrButthurt/PCO_Course/1_Theme/Workspace/Cirlce_Lights/Debug
arm-none-eabi-gcc -mcpu=cortex-m4 -mthumb -mfloat-abi=hard -mfpu=fpv4-sp-d16 '-D__weak=__attribute__((weak))' '-D__packed=__attribute__((__packed__))' -DUSE_HAL_DRIVER -DSTM32F303xC -I"/Users/DrButthurt/PCO_Course/1_Theme/Workspace/Cirlce_Lights/Inc" -I"/Users/DrButthurt/PCO_Course/1_Theme/Workspace/Cirlce_Lights/Drivers/STM32F3xx_HAL_Driver/Inc" -I"/Users/DrButthurt/PCO_Course/1_Theme/Workspace/Cirlce_Lights/Drivers/STM32F3xx_HAL_Driver/Inc/Legacy" -I"/Users/DrButthurt/PCO_Course/1_Theme/Workspace/Cirlce_Lights/Drivers/CMSIS/Device/ST/STM32F3xx/Include" -I"/Users/DrButthurt/PCO_Course/1_Theme/Workspace/Cirlce_Lights/Drivers/CMSIS/Include"  -Og -g3 -Wall -fmessage-length=0 -ffunction-sections -c -fmessage-length=0 -MMD -MP -MF"Drivers/STM32F3xx_HAL_Driver/Src/stm32f3xx_hal_cortex.d" -MT"Drivers/STM32F3xx_HAL_Driver/Src/stm32f3xx_hal_cortex.o" -o "Drivers/STM32F3xx_HAL_Driver/Src/stm32f3xx_hal_cortex.o" "../Drivers/STM32F3xx_HAL_Driver/Src/stm32f3xx_hal_cortex.c"
Finished building: ../Drivers/STM32F3xx_HAL_Driver/Src/stm32f3xx_hal_cortex.c
 
Building file: ../Drivers/STM32F3xx_HAL_Driver/Src/stm32f3xx_hal_dma.c
Invoking: MCU GCC Compiler
/Users/DrButthurt/PCO_Course/1_Theme/Workspace/Cirlce_Lights/Debug
arm-none-eabi-gcc -mcpu=cortex-m4 -mthumb -mfloat-abi=hard -mfpu=fpv4-sp-d16 '-D__weak=__attribute__((weak))' '-D__packed=__attribute__((__packed__))' -DUSE_HAL_DRIVER -DSTM32F303xC -I"/Users/DrButthurt/PCO_Course/1_Theme/Workspace/Cirlce_Lights/Inc" -I"/Users/DrButthurt/PCO_Course/1_Theme/Workspace/Cirlce_Lights/Drivers/STM32F3xx_HAL_Driver/Inc" -I"/Users/DrButthurt/PCO_Course/1_Theme/Workspace/Cirlce_Lights/Drivers/STM32F3xx_HAL_Driver/Inc/Legacy" -I"/Users/DrButthurt/PCO_Course/1_Theme/Workspace/Cirlce_Lights/Drivers/CMSIS/Device/ST/STM32F3xx/Include" -I"/Users/DrButthurt/PCO_Course/1_Theme/Workspace/Cirlce_Lights/Drivers/CMSIS/Include"  -Og -g3 -Wall -fmessage-length=0 -ffunction-sections -c -fmessage-length=0 -MMD -MP -MF"Drivers/STM32F3xx_HAL_Driver/Src/stm32f3xx_hal_dma.d" -MT"Drivers/STM32F3xx_HAL_Driver/Src/stm32f3xx_hal_dma.o" -o "Drivers/STM32F3xx_HAL_Driver/Src/stm32f3xx_hal_dma.o" "../Drivers/STM32F3xx_HAL_Driver/Src/stm32f3xx_hal_dma.c"
Finished building: ../Drivers/STM32F3xx_HAL_Driver/Src/stm32f3xx_hal_dma.c
 
Building file: ../Drivers/STM32F3xx_HAL_Driver/Src/stm32f3xx_hal_flash.c
Invoking: MCU GCC Compiler
/Users/DrButthurt/PCO_Course/1_Theme/Workspace/Cirlce_Lights/Debug
arm-none-eabi-gcc -mcpu=cortex-m4 -mthumb -mfloat-abi=hard -mfpu=fpv4-sp-d16 '-D__weak=__attribute__((weak))' '-D__packed=__attribute__((__packed__))' -DUSE_HAL_DRIVER -DSTM32F303xC -I"/Users/DrButthurt/PCO_Course/1_Theme/Workspace/Cirlce_Lights/Inc" -I"/Users/DrButthurt/PCO_Course/1_Theme/Workspace/Cirlce_Lights/Drivers/STM32F3xx_HAL_Driver/Inc" -I"/Users/DrButthurt/PCO_Course/1_Theme/Workspace/Cirlce_Lights/Drivers/STM32F3xx_HAL_Driver/Inc/Legacy" -I"/Users/DrButthurt/PCO_Course/1_Theme/Workspace/Cirlce_Lights/Drivers/CMSIS/Device/ST/STM32F3xx/Include" -I"/Users/DrButthurt/PCO_Course/1_Theme/Workspace/Cirlce_Lights/Drivers/CMSIS/Include"  -Og -g3 -Wall -fmessage-length=0 -ffunction-sections -c -fmessage-length=0 -MMD -MP -MF"Drivers/STM32F3xx_HAL_Driver/Src/stm32f3xx_hal_flash.d" -MT"Drivers/STM32F3xx_HAL_Driver/Src/stm32f3xx_hal_flash.o" -o "Drivers/STM32F3xx_HAL_Driver/Src/stm32f3xx_hal_flash.o" "../Drivers/STM32F3xx_HAL_Driver/Src/stm32f3xx_hal_flash.c"
Finished building: ../Drivers/STM32F3xx_HAL_Driver/Src/stm32f3xx_hal_flash.c
 
Building file: ../Drivers/STM32F3xx_HAL_Driver/Src/stm32f3xx_hal_flash_ex.c
Invoking: MCU GCC Compiler
/Users/DrButthurt/PCO_Course/1_Theme/Workspace/Cirlce_Lights/Debug
arm-none-eabi-gcc -mcpu=cortex-m4 -mthumb -mfloat-abi=hard -mfpu=fpv4-sp-d16 '-D__weak=__attribute__((weak))' '-D__packed=__attribute__((__packed__))' -DUSE_HAL_DRIVER -DSTM32F303xC -I"/Users/DrButthurt/PCO_Course/1_Theme/Workspace/Cirlce_Lights/Inc" -I"/Users/DrButthurt/PCO_Course/1_Theme/Workspace/Cirlce_Lights/Drivers/STM32F3xx_HAL_Driver/Inc" -I"/Users/DrButthurt/PCO_Course/1_Theme/Workspace/Cirlce_Lights/Drivers/STM32F3xx_HAL_Driver/Inc/Legacy" -I"/Users/DrButthurt/PCO_Course/1_Theme/Workspace/Cirlce_Lights/Drivers/CMSIS/Device/ST/STM32F3xx/Include" -I"/Users/DrButthurt/PCO_Course/1_Theme/Workspace/Cirlce_Lights/Drivers/CMSIS/Include"  -Og -g3 -Wall -fmessage-length=0 -ffunction-sections -c -fmessage-length=0 -MMD -MP -MF"Drivers/STM32F3xx_HAL_Driver/Src/stm32f3xx_hal_flash_ex.d" -MT"Drivers/STM32F3xx_HAL_Driver/Src/stm32f3xx_hal_flash_ex.o" -o "Drivers/STM32F3xx_HAL_Driver/Src/stm32f3xx_hal_flash_ex.o" "../Drivers/STM32F3xx_HAL_Driver/Src/stm32f3xx_hal_flash_ex.c"
Finished building: ../Drivers/STM32F3xx_HAL_Driver/Src/stm32f3xx_hal_flash_ex.c
 
Building file: ../Drivers/STM32F3xx_HAL_Driver/Src/stm32f3xx_hal_gpio.c
Invoking: MCU GCC Compiler
/Users/DrButthurt/PCO_Course/1_Theme/Workspace/Cirlce_Lights/Debug
arm-none-eabi-gcc -mcpu=cortex-m4 -mthumb -mfloat-abi=hard -mfpu=fpv4-sp-d16 '-D__weak=__attribute__((weak))' '-D__packed=__attribute__((__packed__))' -DUSE_HAL_DRIVER -DSTM32F303xC -I"/Users/DrButthurt/PCO_Course/1_Theme/Workspace/Cirlce_Lights/Inc" -I"/Users/DrButthurt/PCO_Course/1_Theme/Workspace/Cirlce_Lights/Drivers/STM32F3xx_HAL_Driver/Inc" -I"/Users/DrButthurt/PCO_Course/1_Theme/Workspace/Cirlce_Lights/Drivers/STM32F3xx_HAL_Driver/Inc/Legacy" -I"/Users/DrButthurt/PCO_Course/1_Theme/Workspace/Cirlce_Lights/Drivers/CMSIS/Device/ST/STM32F3xx/Include" -I"/Users/DrButthurt/PCO_Course/1_Theme/Workspace/Cirlce_Lights/Drivers/CMSIS/Include"  -Og -g3 -Wall -fmessage-length=0 -ffunction-sections -c -fmessage-length=0 -MMD -MP -MF"Drivers/STM32F3xx_HAL_Driver/Src/stm32f3xx_hal_gpio.d" -MT"Drivers/STM32F3xx_HAL_Driver/Src/stm32f3xx_hal_gpio.o" -o "Drivers/STM32F3xx_HAL_Driver/Src/stm32f3xx_hal_gpio.o" "../Drivers/STM32F3xx_HAL_Driver/Src/stm32f3xx_hal_gpio.c"
Finished building: ../Drivers/STM32F3xx_HAL_Driver/Src/stm32f3xx_hal_gpio.c
 
Building file: ../Drivers/STM32F3xx_HAL_Driver/Src/stm32f3xx_hal_i2c.c
Invoking: MCU GCC Compiler
/Users/DrButthurt/PCO_Course/1_Theme/Workspace/Cirlce_Lights/Debug
arm-none-eabi-gcc -mcpu=cortex-m4 -mthumb -mfloat-abi=hard -mfpu=fpv4-sp-d16 '-D__weak=__attribute__((weak))' '-D__packed=__attribute__((__packed__))' -DUSE_HAL_DRIVER -DSTM32F303xC -I"/Users/DrButthurt/PCO_Course/1_Theme/Workspace/Cirlce_Lights/Inc" -I"/Users/DrButthurt/PCO_Course/1_Theme/Workspace/Cirlce_Lights/Drivers/STM32F3xx_HAL_Driver/Inc" -I"/Users/DrButthurt/PCO_Course/1_Theme/Workspace/Cirlce_Lights/Drivers/STM32F3xx_HAL_Driver/Inc/Legacy" -I"/Users/DrButthurt/PCO_Course/1_Theme/Workspace/Cirlce_Lights/Drivers/CMSIS/Device/ST/STM32F3xx/Include" -I"/Users/DrButthurt/PCO_Course/1_Theme/Workspace/Cirlce_Lights/Drivers/CMSIS/Include"  -Og -g3 -Wall -fmessage-length=0 -ffunction-sections -c -fmessage-length=0 -MMD -MP -MF"Drivers/STM32F3xx_HAL_Driver/Src/stm32f3xx_hal_i2c.d" -MT"Drivers/STM32F3xx_HAL_Driver/Src/stm32f3xx_hal_i2c.o" -o "Drivers/STM32F3xx_HAL_Driver/Src/stm32f3xx_hal_i2c.o" "../Drivers/STM32F3xx_HAL_Driver/Src/stm32f3xx_hal_i2c.c"
Finished building: ../Drivers/STM32F3xx_HAL_Driver/Src/stm32f3xx_hal_i2c.c
 
Building file: ../Drivers/STM32F3xx_HAL_Driver/Src/stm32f3xx_hal_i2c_ex.c
Invoking: MCU GCC Compiler
/Users/DrButthurt/PCO_Course/1_Theme/Workspace/Cirlce_Lights/Debug
arm-none-eabi-gcc -mcpu=cortex-m4 -mthumb -mfloat-abi=hard -mfpu=fpv4-sp-d16 '-D__weak=__attribute__((weak))' '-D__packed=__attribute__((__packed__))' -DUSE_HAL_DRIVER -DSTM32F303xC -I"/Users/DrButthurt/PCO_Course/1_Theme/Workspace/Cirlce_Lights/Inc" -I"/Users/DrButthurt/PCO_Course/1_Theme/Workspace/Cirlce_Lights/Drivers/STM32F3xx_HAL_Driver/Inc" -I"/Users/DrButthurt/PCO_Course/1_Theme/Workspace/Cirlce_Lights/Drivers/STM32F3xx_HAL_Driver/Inc/Legacy" -I"/Users/DrButthurt/PCO_Course/1_Theme/Workspace/Cirlce_Lights/Drivers/CMSIS/Device/ST/STM32F3xx/Include" -I"/Users/DrButthurt/PCO_Course/1_Theme/Workspace/Cirlce_Lights/Drivers/CMSIS/Include"  -Og -g3 -Wall -fmessage-length=0 -ffunction-sections -c -fmessage-length=0 -MMD -MP -MF"Drivers/STM32F3xx_HAL_Driver/Src/stm32f3xx_hal_i2c_ex.d" -MT"Drivers/STM32F3xx_HAL_Driver/Src/stm32f3xx_hal_i2c_ex.o" -o "Drivers/STM32F3xx_HAL_Driver/Src/stm32f3xx_hal_i2c_ex.o" "../Drivers/STM32F3xx_HAL_Driver/Src/stm32f3xx_hal_i2c_ex.c"
Finished building: ../Drivers/STM32F3xx_HAL_Driver/Src/stm32f3xx_hal_i2c_ex.c
 
Building file: ../Drivers/STM32F3xx_HAL_Driver/Src/stm32f3xx_hal_pwr.c
Invoking: MCU GCC Compiler
/Users/DrButthurt/PCO_Course/1_Theme/Workspace/Cirlce_Lights/Debug
arm-none-eabi-gcc -mcpu=cortex-m4 -mthumb -mfloat-abi=hard -mfpu=fpv4-sp-d16 '-D__weak=__attribute__((weak))' '-D__packed=__attribute__((__packed__))' -DUSE_HAL_DRIVER -DSTM32F303xC -I"/Users/DrButthurt/PCO_Course/1_Theme/Workspace/Cirlce_Lights/Inc" -I"/Users/DrButthurt/PCO_Course/1_Theme/Workspace/Cirlce_Lights/Drivers/STM32F3xx_HAL_Driver/Inc" -I"/Users/DrButthurt/PCO_Course/1_Theme/Workspace/Cirlce_Lights/Drivers/STM32F3xx_HAL_Driver/Inc/Legacy" -I"/Users/DrButthurt/PCO_Course/1_Theme/Workspace/Cirlce_Lights/Drivers/CMSIS/Device/ST/STM32F3xx/Include" -I"/Users/DrButthurt/PCO_Course/1_Theme/Workspace/Cirlce_Lights/Drivers/CMSIS/Include"  -Og -g3 -Wall -fmessage-length=0 -ffunction-sections -c -fmessage-length=0 -MMD -MP -MF"Drivers/STM32F3xx_HAL_Driver/Src/stm32f3xx_hal_pwr.d" -MT"Drivers/STM32F3xx_HAL_Driver/Src/stm32f3xx_hal_pwr.o" -o "Drivers/STM32F3xx_HAL_Driver/Src/stm32f3xx_hal_pwr.o" "../Drivers/STM32F3xx_HAL_Driver/Src/stm32f3xx_hal_pwr.c"
Finished building: ../Drivers/STM32F3xx_HAL_Driver/Src/stm32f3xx_hal_pwr.c
 
Building file: ../Drivers/STM32F3xx_HAL_Driver/Src/stm32f3xx_hal_pwr_ex.c
Invoking: MCU GCC Compiler
/Users/DrButthurt/PCO_Course/1_Theme/Workspace/Cirlce_Lights/Debug
arm-none-eabi-gcc -mcpu=cortex-m4 -mthumb -mfloat-abi=hard -mfpu=fpv4-sp-d16 '-D__weak=__attribute__((weak))' '-D__packed=__attribute__((__packed__))' -DUSE_HAL_DRIVER -DSTM32F303xC -I"/Users/DrButthurt/PCO_Course/1_Theme/Workspace/Cirlce_Lights/Inc" -I"/Users/DrButthurt/PCO_Course/1_Theme/Workspace/Cirlce_Lights/Drivers/STM32F3xx_HAL_Driver/Inc" -I"/Users/DrButthurt/PCO_Course/1_Theme/Workspace/Cirlce_Lights/Drivers/STM32F3xx_HAL_Driver/Inc/Legacy" -I"/Users/DrButthurt/PCO_Course/1_Theme/Workspace/Cirlce_Lights/Drivers/CMSIS/Device/ST/STM32F3xx/Include" -I"/Users/DrButthurt/PCO_Course/1_Theme/Workspace/Cirlce_Lights/Drivers/CMSIS/Include"  -Og -g3 -Wall -fmessage-length=0 -ffunction-sections -c -fmessage-length=0 -MMD -MP -MF"Drivers/STM32F3xx_HAL_Driver/Src/stm32f3xx_hal_pwr_ex.d" -MT"Drivers/STM32F3xx_HAL_Driver/Src/stm32f3xx_hal_pwr_ex.o" -o "Drivers/STM32F3xx_HAL_Driver/Src/stm32f3xx_hal_pwr_ex.o" "../Drivers/STM32F3xx_HAL_Driver/Src/stm32f3xx_hal_pwr_ex.c"
Finished building: ../Drivers/STM32F3xx_HAL_Driver/Src/stm32f3xx_hal_pwr_ex.c
 
Building file: ../Drivers/STM32F3xx_HAL_Driver/Src/stm32f3xx_hal_rcc.c
Invoking: MCU GCC Compiler
/Users/DrButthurt/PCO_Course/1_Theme/Workspace/Cirlce_Lights/Debug
arm-none-eabi-gcc -mcpu=cortex-m4 -mthumb -mfloat-abi=hard -mfpu=fpv4-sp-d16 '-D__weak=__attribute__((weak))' '-D__packed=__attribute__((__packed__))' -DUSE_HAL_DRIVER -DSTM32F303xC -I"/Users/DrButthurt/PCO_Course/1_Theme/Workspace/Cirlce_Lights/Inc" -I"/Users/DrButthurt/PCO_Course/1_Theme/Workspace/Cirlce_Lights/Drivers/STM32F3xx_HAL_Driver/Inc" -I"/Users/DrButthurt/PCO_Course/1_Theme/Workspace/Cirlce_Lights/Drivers/STM32F3xx_HAL_Driver/Inc/Legacy" -I"/Users/DrButthurt/PCO_Course/1_Theme/Workspace/Cirlce_Lights/Drivers/CMSIS/Device/ST/STM32F3xx/Include" -I"/Users/DrButthurt/PCO_Course/1_Theme/Workspace/Cirlce_Lights/Drivers/CMSIS/Include"  -Og -g3 -Wall -fmessage-length=0 -ffunction-sections -c -fmessage-length=0 -MMD -MP -MF"Drivers/STM32F3xx_HAL_Driver/Src/stm32f3xx_hal_rcc.d" -MT"Drivers/STM32F3xx_HAL_Driver/Src/stm32f3xx_hal_rcc.o" -o "Drivers/STM32F3xx_HAL_Driver/Src/stm32f3xx_hal_rcc.o" "../Drivers/STM32F3xx_HAL_Driver/Src/stm32f3xx_hal_rcc.c"
Finished building: ../Drivers/STM32F3xx_HAL_Driver/Src/stm32f3xx_hal_rcc.c
 
Building file: ../Drivers/STM32F3xx_HAL_Driver/Src/stm32f3xx_hal_rcc_ex.c
Invoking: MCU GCC Compiler
/Users/DrButthurt/PCO_Course/1_Theme/Workspace/Cirlce_Lights/Debug
arm-none-eabi-gcc -mcpu=cortex-m4 -mthumb -mfloat-abi=hard -mfpu=fpv4-sp-d16 '-D__weak=__attribute__((weak))' '-D__packed=__attribute__((__packed__))' -DUSE_HAL_DRIVER -DSTM32F303xC -I"/Users/DrButthurt/PCO_Course/1_Theme/Workspace/Cirlce_Lights/Inc" -I"/Users/DrButthurt/PCO_Course/1_Theme/Workspace/Cirlce_Lights/Drivers/STM32F3xx_HAL_Driver/Inc" -I"/Users/DrButthurt/PCO_Course/1_Theme/Workspace/Cirlce_Lights/Drivers/STM32F3xx_HAL_Driver/Inc/Legacy" -I"/Users/DrButthurt/PCO_Course/1_Theme/Workspace/Cirlce_Lights/Drivers/CMSIS/Device/ST/STM32F3xx/Include" -I"/Users/DrButthurt/PCO_Course/1_Theme/Workspace/Cirlce_Lights/Drivers/CMSIS/Include"  -Og -g3 -Wall -fmessage-length=0 -ffunction-sections -c -fmessage-length=0 -MMD -MP -MF"Drivers/STM32F3xx_HAL_Driver/Src/stm32f3xx_hal_rcc_ex.d" -MT"Drivers/STM32F3xx_HAL_Driver/Src/stm32f3xx_hal_rcc_ex.o" -o "Drivers/STM32F3xx_HAL_Driver/Src/stm32f3xx_hal_rcc_ex.o" "../Drivers/STM32F3xx_HAL_Driver/Src/stm32f3xx_hal_rcc_ex.c"
Finished building: ../Drivers/STM32F3xx_HAL_Driver/Src/stm32f3xx_hal_rcc_ex.c
 
Building file: ../Drivers/STM32F3xx_HAL_Driver/Src/stm32f3xx_hal_tim.c
Invoking: MCU GCC Compiler
/Users/DrButthurt/PCO_Course/1_Theme/Workspace/Cirlce_Lights/Debug
arm-none-eabi-gcc -mcpu=cortex-m4 -mthumb -mfloat-abi=hard -mfpu=fpv4-sp-d16 '-D__weak=__attribute__((weak))' '-D__packed=__attribute__((__packed__))' -DUSE_HAL_DRIVER -DSTM32F303xC -I"/Users/DrButthurt/PCO_Course/1_Theme/Workspace/Cirlce_Lights/Inc" -I"/Users/DrButthurt/PCO_Course/1_Theme/Workspace/Cirlce_Lights/Drivers/STM32F3xx_HAL_Driver/Inc" -I"/Users/DrButthurt/PCO_Course/1_Theme/Workspace/Cirlce_Lights/Drivers/STM32F3xx_HAL_Driver/Inc/Legacy" -I"/Users/DrButthurt/PCO_Course/1_Theme/Workspace/Cirlce_Lights/Drivers/CMSIS/Device/ST/STM32F3xx/Include" -I"/Users/DrButthurt/PCO_Course/1_Theme/Workspace/Cirlce_Lights/Drivers/CMSIS/Include"  -Og -g3 -Wall -fmessage-length=0 -ffunction-sections -c -fmessage-length=0 -MMD -MP -MF"Drivers/STM32F3xx_HAL_Driver/Src/stm32f3xx_hal_tim.d" -MT"Drivers/STM32F3xx_HAL_Driver/Src/stm32f3xx_hal_tim.o" -o "Drivers/STM32F3xx_HAL_Driver/Src/stm32f3xx_hal_tim.o" "../Drivers/STM32F3xx_HAL_Driver/Src/stm32f3xx_hal_tim.c"
Finished building: ../Drivers/STM32F3xx_HAL_Driver/Src/stm32f3xx_hal_tim.c
 
Building file: ../Drivers/STM32F3xx_HAL_Driver/Src/stm32f3xx_hal_tim_ex.c
Invoking: MCU GCC Compiler
/Users/DrButthurt/PCO_Course/1_Theme/Workspace/Cirlce_Lights/Debug
arm-none-eabi-gcc -mcpu=cortex-m4 -mthumb -mfloat-abi=hard -mfpu=fpv4-sp-d16 '-D__weak=__attribute__((weak))' '-D__packed=__attribute__((__packed__))' -DUSE_HAL_DRIVER -DSTM32F303xC -I"/Users/DrButthurt/PCO_Course/1_Theme/Workspace/Cirlce_Lights/Inc" -I"/Users/DrButthurt/PCO_Course/1_Theme/Workspace/Cirlce_Lights/Drivers/STM32F3xx_HAL_Driver/Inc" -I"/Users/DrButthurt/PCO_Course/1_Theme/Workspace/Cirlce_Lights/Drivers/STM32F3xx_HAL_Driver/Inc/Legacy" -I"/Users/DrButthurt/PCO_Course/1_Theme/Workspace/Cirlce_Lights/Drivers/CMSIS/Device/ST/STM32F3xx/Include" -I"/Users/DrButthurt/PCO_Course/1_Theme/Workspace/Cirlce_Lights/Drivers/CMSIS/Include"  -Og -g3 -Wall -fmessage-length=0 -ffunction-sections -c -fmessage-length=0 -MMD -MP -MF"Drivers/STM32F3xx_HAL_Driver/Src/stm32f3xx_hal_tim_ex.d" -MT"Drivers/STM32F3xx_HAL_Driver/Src/stm32f3xx_hal_tim_ex.o" -o "Drivers/STM32F3xx_HAL_Driver/Src/stm32f3xx_hal_tim_ex.o" "../Drivers/STM32F3xx_HAL_Driver/Src/stm32f3xx_hal_tim_ex.c"
Finished building: ../Drivers/STM32F3xx_HAL_Driver/Src/stm32f3xx_hal_tim_ex.c
 
Building target: Cirlce_Lights.elf
Invoking: MCU GCC Linker
arm-none-eabi-gcc -mcpu=cortex-m4 -mthumb -mfloat-abi=hard -mfpu=fpv4-sp-d16 -specs=nosys.specs -specs=nano.specs -T"../STM32F303VCTx_FLASH.ld" -Wl,-Map=output.map -Wl,--gc-sections -o "Cirlce_Lights.elf" @"objects.list"   -lm
Finished building target: Cirlce_Lights.elf
 
/Library/Developer/CommandLineTools/usr/bin/make --no-print-directory post-build
Generating binary and Printing size information:
arm-none-eabi-objcopy -O binary "Cirlce_Lights.elf" "Cirlce_Lights.bin"
arm-none-eabi-size "Cirlce_Lights.elf"
   text	   data	    bss	    dec	    hex	filename
   5384	     12	   1572	   6968	   1b38	Cirlce_Lights.elf
 
09:52:51 **** Incremental Build of configuration Debug for project Cirlce_Lights ****
make all 
make: Nothing to be done for `all'.
10:03:58 **** Incremental Build of configuration Debug for project Cirlce_Lights ****
make all 
make: Nothing to be done for `all'.
10:04:00 **** Incremental Build of configuration Debug for project Cirlce_Lights ****
make all 
make: Nothing to be done for `all'.
10:05:29 **** Incremental Build of configuration Debug for project Cirlce_Lights ****
make all 
make: Nothing to be done for `all'.
15:55:50 **** Incremental Build of configuration Debug for project Cirlce_Lights ****
make all 
make: Nothing to be done for `all'.
15:55:53 **** Incremental Build of configuration Debug for project Cirlce_Lights ****
make all 
make: Nothing to be done for `all'.
